train split 40000 clips, test split 4000 clips
fit 38000 / held-out-from-train 2000 / test 4000
pixel stats: mean [0.6018352697920382, 0.6051110268946811, 0.6061246164178765], std [0.09091753404489177, 0.08817161569147254, 0.12360037956994449]
increment mean [ 7.1041191e-01 -2.4836313e-04  4.7516832e-04]  std [0.59325176 0.01529792 0.00977747]
PoseProbe 1,415,043 params
VAE round-trip augmentation at p=0.5
[probe] ep   1/20 train_loss 0.47060  val ADE 1.1292 m  FDE 2.2304 m  heading 1.533 deg  (310s)
[probe] ep   2/20 train_loss 0.34049  val ADE 0.6582 m  FDE 1.2928 m  heading 1.530 deg  (638s)
[probe] ep   3/20 train_loss 0.25259  val ADE 0.5648 m  FDE 1.0908 m  heading 0.628 deg  (935s)
[probe] ep   4/20 train_loss 0.13660  val ADE 0.4793 m  FDE 0.9104 m  heading 0.378 deg  (1235s)
[probe] ep   5/20 train_loss 0.11091  val ADE 0.3921 m  FDE 0.7425 m  heading 0.298 deg  (1546s)
[probe] ep   6/20 train_loss 0.10155  val ADE 0.4705 m  FDE 0.9116 m  heading 0.262 deg  (1867s)
[probe] ep   7/20 train_loss 0.09173  val ADE 0.3233 m  FDE 0.6138 m  heading 0.218 deg  (2328s)
[probe] ep   8/20 train_loss 0.08444  val ADE 0.3144 m  FDE 0.5961 m  heading 0.213 deg  (2991s)
[probe] ep   9/20 train_loss 0.08134  val ADE 0.3209 m  FDE 0.6151 m  heading 0.187 deg  (3670s)
[probe] ep  10/20 train_loss 0.07563  val ADE 0.3166 m  FDE 0.6120 m  heading 0.197 deg  (4333s)
[probe] ep  11/20 train_loss 0.07261  val ADE 0.2963 m  FDE 0.5690 m  heading 0.155 deg  (4992s)
[probe] ep  12/20 train_loss 0.06843  val ADE 0.3350 m  FDE 0.6551 m  heading 0.144 deg  (5326s)
[probe] ep  13/20 train_loss 0.06527  val ADE 0.2554 m  FDE 0.4863 m  heading 0.161 deg  (5629s)
[probe] ep  14/20 train_loss 0.06295  val ADE 0.2777 m  FDE 0.5315 m  heading 0.132 deg  (5963s)
[probe] ep  15/20 train_loss 0.06038  val ADE 0.2358 m  FDE 0.4487 m  heading 0.106 deg  (6265s)
[probe] ep  16/20 train_loss 0.05883  val ADE 0.2357 m  FDE 0.4499 m  heading 0.102 deg  (6589s)
[probe] ep  17/20 train_loss 0.05674  val ADE 0.2238 m  FDE 0.4222 m  heading 0.103 deg  (6922s)
[probe] ep  18/20 train_loss 0.05618  val ADE 0.2230 m  FDE 0.4205 m  heading 0.095 deg  (7580s)
[probe] ep  19/20 train_loss 0.05531  val ADE 0.2232 m  FDE 0.4211 m  heading 0.093 deg  (8244s)
[probe] ep  20/20 train_loss 0.05498  val ADE 0.2220 m  FDE 0.4189 m  heading 0.093 deg  (8906s)
saved /root/cond-drivejepa-exp/out/probe_vaeaug/probe.pt

=== floors, on the held-out TEST split ===
  real frames                ADE  0.2247 m   FDE  0.4260 m   heading  0.078 deg   (p95 ADE 0.8385)
  VAE round-trip             ADE  0.2739 m   FDE  0.5134 m   heading  0.112 deg   (p95 ADE 0.9267)

=== sanity controls ===
  repeated single frame  net displacement 0.2857 m (max 3.4412) -- should be about 0
  time-reversed          forward sum +23.7826 m against +11.7639 m forwards -- sign should flip

saved /root/cond-drivejepa-exp/out/probe_vaeaug/probe_floors.json
